Archive member included to satisfy reference by file (symbol)

e:/prog_files/atmel/studio/7.0/toolchain/avr8/avr8-gnu-toolchain/bin/../lib/gcc/avr/4.9.2/../../../../avr/lib/avr5\libm.a(divsf3.o)
                              MCAL/PWM.o (__divsf3)
e:/prog_files/atmel/studio/7.0/toolchain/avr8/avr8-gnu-toolchain/bin/../lib/gcc/avr/4.9.2/../../../../avr/lib/avr5\libm.a(divsf3x.o)
                              e:/prog_files/atmel/studio/7.0/toolchain/avr8/avr8-gnu-toolchain/bin/../lib/gcc/avr/4.9.2/../../../../avr/lib/avr5\libm.a(divsf3.o) (__divsf3x)
e:/prog_files/atmel/studio/7.0/toolchain/avr8/avr8-gnu-toolchain/bin/../lib/gcc/avr/4.9.2/../../../../avr/lib/avr5\libm.a(fixunssfsi.o)
                              MCAL/PWM.o (__fixunssfsi)
e:/prog_files/atmel/studio/7.0/toolchain/avr8/avr8-gnu-toolchain/bin/../lib/gcc/avr/4.9.2/../../../../avr/lib/avr5\libm.a(floatsisf.o)
                              MCAL/PWM.o (__floatunsisf)
e:/prog_files/atmel/studio/7.0/toolchain/avr8/avr8-gnu-toolchain/bin/../lib/gcc/avr/4.9.2/../../../../avr/lib/avr5\libm.a(fp_inf.o)
                              e:/prog_files/atmel/studio/7.0/toolchain/avr8/avr8-gnu-toolchain/bin/../lib/gcc/avr/4.9.2/../../../../avr/lib/avr5\libm.a(divsf3x.o) (__fp_inf)
e:/prog_files/atmel/studio/7.0/toolchain/avr8/avr8-gnu-toolchain/bin/../lib/gcc/avr/4.9.2/../../../../avr/lib/avr5\libm.a(fp_nan.o)
                              e:/prog_files/atmel/studio/7.0/toolchain/avr8/avr8-gnu-toolchain/bin/../lib/gcc/avr/4.9.2/../../../../avr/lib/avr5\libm.a(divsf3x.o) (__fp_nan)
e:/prog_files/atmel/studio/7.0/toolchain/avr8/avr8-gnu-toolchain/bin/../lib/gcc/avr/4.9.2/../../../../avr/lib/avr5\libm.a(fp_pscA.o)
                              e:/prog_files/atmel/studio/7.0/toolchain/avr8/avr8-gnu-toolchain/bin/../lib/gcc/avr/4.9.2/../../../../avr/lib/avr5\libm.a(divsf3x.o) (__fp_pscA)
e:/prog_files/atmel/studio/7.0/toolchain/avr8/avr8-gnu-toolchain/bin/../lib/gcc/avr/4.9.2/../../../../avr/lib/avr5\libm.a(fp_pscB.o)
                              e:/prog_files/atmel/studio/7.0/toolchain/avr8/avr8-gnu-toolchain/bin/../lib/gcc/avr/4.9.2/../../../../avr/lib/avr5\libm.a(divsf3x.o) (__fp_pscB)
e:/prog_files/atmel/studio/7.0/toolchain/avr8/avr8-gnu-toolchain/bin/../lib/gcc/avr/4.9.2/../../../../avr/lib/avr5\libm.a(fp_round.o)
                              e:/prog_files/atmel/studio/7.0/toolchain/avr8/avr8-gnu-toolchain/bin/../lib/gcc/avr/4.9.2/../../../../avr/lib/avr5\libm.a(divsf3.o) (__fp_round)
e:/prog_files/atmel/studio/7.0/toolchain/avr8/avr8-gnu-toolchain/bin/../lib/gcc/avr/4.9.2/../../../../avr/lib/avr5\libm.a(fp_split3.o)
                              e:/prog_files/atmel/studio/7.0/toolchain/avr8/avr8-gnu-toolchain/bin/../lib/gcc/avr/4.9.2/../../../../avr/lib/avr5\libm.a(divsf3x.o) (__fp_split3)
e:/prog_files/atmel/studio/7.0/toolchain/avr8/avr8-gnu-toolchain/bin/../lib/gcc/avr/4.9.2/../../../../avr/lib/avr5\libm.a(fp_zero.o)
                              e:/prog_files/atmel/studio/7.0/toolchain/avr8/avr8-gnu-toolchain/bin/../lib/gcc/avr/4.9.2/../../../../avr/lib/avr5\libm.a(fixunssfsi.o) (__fp_zero)
e:/prog_files/atmel/studio/7.0/toolchain/avr8/avr8-gnu-toolchain/bin/../lib/gcc/avr/4.9.2/../../../../avr/lib/avr5\libm.a(mulsf3.o)
                              MCAL/PWM.o (__mulsf3)
e:/prog_files/atmel/studio/7.0/toolchain/avr8/avr8-gnu-toolchain/bin/../lib/gcc/avr/4.9.2/../../../../avr/lib/avr5\libm.a(mulsf3x.o)
                              e:/prog_files/atmel/studio/7.0/toolchain/avr8/avr8-gnu-toolchain/bin/../lib/gcc/avr/4.9.2/../../../../avr/lib/avr5\libm.a(mulsf3.o) (__mulsf3x)
e:/prog_files/atmel/studio/7.0/toolchain/avr8/avr8-gnu-toolchain/bin/../lib/gcc/avr/4.9.2/avr5\libgcc.a(_udivmodsi4.o)
                              MCAL/PWM.o (__udivmodsi4)
e:/prog_files/atmel/studio/7.0/toolchain/avr8/avr8-gnu-toolchain/bin/../lib/gcc/avr/4.9.2/avr5\libgcc.a(_exit.o)
                              E:/Prog_Files/Atmel/Studio/7.0/Packs/atmel/ATmega_DFP/1.0.90/gcc/dev/atmega32/avr5/crtatmega32.o (exit)
e:/prog_files/atmel/studio/7.0/toolchain/avr8/avr8-gnu-toolchain/bin/../lib/gcc/avr/4.9.2/avr5\libgcc.a(_tablejump2.o)
                              main.o (__tablejump2__)
e:/prog_files/atmel/studio/7.0/toolchain/avr8/avr8-gnu-toolchain/bin/../lib/gcc/avr/4.9.2/avr5\libgcc.a(_copy_data.o)
                              ECUAL/KeyPad.o (__do_copy_data)
e:/prog_files/atmel/studio/7.0/toolchain/avr8/avr8-gnu-toolchain/bin/../lib/gcc/avr/4.9.2/avr5\libgcc.a(_clear_bss.o)
                              ECUAL/KeyPad.o (__do_clear_bss)

Allocating common symbols
Common symbol       size              file

g_LED0              0x3               main.o
g_LED2              0x3               main.o
PTR_CALL_BACK       0x2               MCAL/SPI__.o
g_LED1              0x3               main.o
g_LED3              0x3               main.o
MySOS               0x5               main.o
Test_Pin            0x3               main.o

Discarded input sections

 .data          0x00000000        0x0 E:/Prog_Files/Atmel/Studio/7.0/Packs/atmel/ATmega_DFP/1.0.90/gcc/dev/atmega32/avr5/crtatmega32.o
 .bss           0x00000000        0x0 E:/Prog_Files/Atmel/Studio/7.0/Packs/atmel/ATmega_DFP/1.0.90/gcc/dev/atmega32/avr5/crtatmega32.o
 .text          0x00000000        0x0 ECUAL/KeyPad.o
 .data          0x00000000        0x0 ECUAL/KeyPad.o
 .bss           0x00000000        0x0 ECUAL/KeyPad.o
 .text          0x00000000        0x0 ECUAL/LCD.o
 .data          0x00000000        0x0 ECUAL/LCD.o
 .bss           0x00000000        0x0 ECUAL/LCD.o
 .text          0x00000000        0x0 main.o
 .data          0x00000000        0x0 main.o
 .bss           0x00000000        0x0 main.o
 .text.CPU_Sleep
                0x00000000        0xc main.o
 .text.ToggleLED1
                0x00000000        0xe main.o
 .text.ToggleLED2
                0x00000000        0xe main.o
 .text.ToggleLED3
                0x00000000        0xe main.o
 .text          0x00000000        0x0 MCAL/DIO.o
 .data          0x00000000        0x0 MCAL/DIO.o
 .bss           0x00000000        0x0 MCAL/DIO.o
 .text          0x00000000        0x0 MCAL/PWM.o
 .data          0x00000000        0x0 MCAL/PWM.o
 .bss           0x00000000        0x0 MCAL/PWM.o
 .text.Pwm_Init
                0x00000000       0x94 MCAL/PWM.o
 .text.Pwm_Start
                0x00000000       0xe2 MCAL/PWM.o
 .text.Pwm_Update
                0x00000000       0xd8 MCAL/PWM.o
 .text.Pwm_Stop
                0x00000000       0x24 MCAL/PWM.o
 .debug_info    0x00000000      0x2b2 MCAL/PWM.o
 .debug_abbrev  0x00000000      0x13e MCAL/PWM.o
 .debug_loc     0x00000000      0x47d MCAL/PWM.o
 .debug_aranges
                0x00000000       0x38 MCAL/PWM.o
 .debug_ranges  0x00000000       0x28 MCAL/PWM.o
 .debug_line    0x00000000       0xe2 MCAL/PWM.o
 .debug_str     0x00000000      0x24c MCAL/PWM.o
 .comment       0x00000000       0x31 MCAL/PWM.o
 .debug_frame   0x00000000       0xb4 MCAL/PWM.o
 .text          0x00000000        0x0 MCAL/SPI__.o
 .data          0x00000000        0x0 MCAL/SPI__.o
 .bss           0x00000000        0x0 MCAL/SPI__.o
 .text._SPIInitMaster
                0x00000000       0x76 MCAL/SPI__.o
 .text._SPIInitSlave
                0x00000000       0x78 MCAL/SPI__.o
 .text._SPITrancevier
                0x00000000       0x2e MCAL/SPI__.o
 .text._SPISend
                0x00000000       0x18 MCAL/SPI__.o
 .text._SPIRead
                0x00000000       0x1c MCAL/SPI__.o
 .text.SPI_SetCBF
                0x00000000        0xa MCAL/SPI__.o
 .text          0x00000000        0x0 MCAL/Timer.o
 .data          0x00000000        0x0 MCAL/Timer.o
 .bss           0x00000000        0x0 MCAL/Timer.o
 .text.Timer_Stop
                0x00000000       0x2c MCAL/Timer.o
 .text.Timer_GetStatus
                0x00000000       0x48 MCAL/Timer.o
 .text.Timer_GetValue
                0x00000000       0x4e MCAL/Timer.o
 .text.TIMER0_SetOV
                0x00000000        0xa MCAL/Timer.o
 .text.TIMER2_SetOV
                0x00000000        0xa MCAL/Timer.o
 .text.TIMER1_SetOV
                0x00000000        0xa MCAL/Timer.o
 .text          0x00000000        0x0 MCAL/UART.o
 .data          0x00000000        0x0 MCAL/UART.o
 .bss           0x00000000        0x0 MCAL/UART.o
 .text.UART_Init
                0x00000000       0xd8 MCAL/UART.o
 .text.UART_Read
                0x00000000        0x4 MCAL/UART.o
 .text.UART_Write
                0x00000000        0x8 MCAL/UART.o
 .text.UART_Write_String
                0x00000000       0x1e MCAL/UART.o
 .text.UART_SetTX
                0x00000000        0xa MCAL/UART.o
 .text.UART_SetRX
                0x00000000        0xa MCAL/UART.o
 .text          0x00000000        0x0 SL/BCM.o
 .data          0x00000000        0x0 SL/BCM.o
 .bss           0x00000000        0x0 SL/BCM.o
 .text.BCM_Tx_ISR_cbf
                0x00000000       0x1c SL/BCM.o
 .text.BCM_Rx_ISR_cbf
                0x00000000      0x10a SL/BCM.o
 .text.BCM_Rx_Dispatcher
                0x00000000       0x32 SL/BCM.o
 .text.BCM_Tx_Dispatcher
                0x00000000       0xe8 SL/BCM.o
 .text.BCM_Init
                0x00000000      0x124 SL/BCM.o
 .text.BCM_DeInit
                0x00000000       0x16 SL/BCM.o
 .text.BCM_Send
                0x00000000       0x76 SL/BCM.o
 .text.BCM_Setup_RxBuffer
                0x00000000       0x52 SL/BCM.o
 .text.BCM_Get_msgLEN
                0x00000000        0xe SL/BCM.o
 .text.BCM_Get_TxBuf_State
                0x00000000       0x30 SL/BCM.o
 .text.BCM_Get_RxBuf_State
                0x00000000       0x30 SL/BCM.o
 .text.BCM_RxUnlock
                0x00000000       0x22 SL/BCM.o
 .bss.g_CS_Calculated
                0x00000000        0x1 SL/BCM.o
 .bss.g_LEN_State
                0x00000000        0x1 SL/BCM.o
 .bss.g_ID_State
                0x00000000        0x1 SL/BCM.o
 .bss.g_Tx_ID   0x00000000        0x1 SL/BCM.o
 .bss.g_Rx_ID   0x00000000        0x1 SL/BCM.o
 .bss.g_RX_Buffer_Index
                0x00000000        0x1 SL/BCM.o
 .bss.g_BCM_EXcfg
                0x00000000       0x10 SL/BCM.o
 .debug_info    0x00000000      0xac9 SL/BCM.o
 .debug_abbrev  0x00000000      0x297 SL/BCM.o
 .debug_loc     0x00000000      0x633 SL/BCM.o
 .debug_aranges
                0x00000000       0x78 SL/BCM.o
 .debug_ranges  0x00000000       0x68 SL/BCM.o
 .debug_line    0x00000000      0x24a SL/BCM.o
 .debug_str     0x00000000      0x69c SL/BCM.o
 .comment       0x00000000       0x31 SL/BCM.o
 .debug_frame   0x00000000      0x10c SL/BCM.o
 .text          0x00000000        0x0 SL/SOS.o
 .data          0x00000000        0x0 SL/SOS.o
 .bss           0x00000000        0x0 SL/SOS.o
 .text.Delete_Task
                0x00000000       0x50 SL/SOS.o
 .text.TMU_DeInit
                0x00000000       0x54 SL/SOS.o
 .text          0x00000000        0x0 SL/SOS_PBcfg.o
 .data          0x00000000        0x0 SL/SOS_PBcfg.o
 .bss           0x00000000        0x0 SL/SOS_PBcfg.o
 .debug_line    0x00000000        0x0 SL/SOS_PBcfg.o
 .debug_str     0x00000000      0x117 SL/SOS_PBcfg.o
 .comment       0x00000000       0x31 SL/SOS_PBcfg.o
 .text          0x00000000        0x0 util/softwareDelay.o
 .data          0x00000000        0x0 util/softwareDelay.o
 .bss           0x00000000        0x0 util/softwareDelay.o
 .text.softwareDelayMs
                0x00000000       0x46 util/softwareDelay.o
 .debug_info    0x00000000       0xc3 util/softwareDelay.o
 .debug_abbrev  0x00000000       0x7e util/softwareDelay.o
 .debug_loc     0x00000000       0x8f util/softwareDelay.o
 .debug_aranges
                0x00000000       0x20 util/softwareDelay.o
 .debug_ranges  0x00000000       0x10 util/softwareDelay.o
 .debug_line    0x00000000       0x6a util/softwareDelay.o
 .debug_str     0x00000000      0x1b3 util/softwareDelay.o
 .comment       0x00000000       0x31 util/softwareDelay.o
 .debug_frame   0x00000000       0x30 util/softwareDelay.o
 .text          0x00000000        0x0 e:/prog_files/atmel/studio/7.0/toolchain/avr8/avr8-gnu-toolchain/bin/../lib/gcc/avr/4.9.2/../../../../avr/lib/avr5\libm.a(divsf3.o)
 .data          0x00000000        0x0 e:/prog_files/atmel/studio/7.0/toolchain/avr8/avr8-gnu-toolchain/bin/../lib/gcc/avr/4.9.2/../../../../avr/lib/avr5\libm.a(divsf3.o)
 .bss           0x00000000        0x0 e:/prog_files/atmel/studio/7.0/toolchain/avr8/avr8-gnu-toolchain/bin/../lib/gcc/avr/4.9.2/../../../../avr/lib/avr5\libm.a(divsf3.o)
 .text.avr-libc.fplib
                0x00000000        0x8 e:/prog_files/atmel/studio/7.0/toolchain/avr8/avr8-gnu-toolchain/bin/../lib/gcc/avr/4.9.2/../../../../avr/lib/avr5\libm.a(divsf3.o)
 .text          0x00000000        0x0 e:/prog_files/atmel/studio/7.0/toolchain/avr8/avr8-gnu-toolchain/bin/../lib/gcc/avr/4.9.2/../../../../avr/lib/avr5\libm.a(divsf3x.o)
 .data          0x00000000        0x0 e:/prog_files/atmel/studio/7.0/toolchain/avr8/avr8-gnu-toolchain/bin/../lib/gcc/avr/4.9.2/../../../../avr/lib/avr5\libm.a(divsf3x.o)
 .bss           0x00000000        0x0 e:/prog_files/atmel/studio/7.0/toolchain/avr8/avr8-gnu-toolchain/bin/../lib/gcc/avr/4.9.2/../../../../avr/lib/avr5\libm.a(divsf3x.o)
 .text.avr-libc.fplib
                0x00000000       0xdc e:/prog_files/atmel/studio/7.0/toolchain/avr8/avr8-gnu-toolchain/bin/../lib/gcc/avr/4.9.2/../../../../avr/lib/avr5\libm.a(divsf3x.o)
 .text          0x00000000        0x0 e:/prog_files/atmel/studio/7.0/toolchain/avr8/avr8-gnu-toolchain/bin/../lib/gcc/avr/4.9.2/../../../../avr/lib/avr5\libm.a(fixunssfsi.o)
 .data          0x00000000        0x0 e:/prog_files/atmel/studio/7.0/toolchain/avr8/avr8-gnu-toolchain/bin/../lib/gcc/avr/4.9.2/../../../../avr/lib/avr5\libm.a(fixunssfsi.o)
 .bss           0x00000000        0x0 e:/prog_files/atmel/studio/7.0/toolchain/avr8/avr8-gnu-toolchain/bin/../lib/gcc/avr/4.9.2/../../../../avr/lib/avr5\libm.a(fixunssfsi.o)
 .text.avr-libc.fplib
                0x00000000       0x5e e:/prog_files/atmel/studio/7.0/toolchain/avr8/avr8-gnu-toolchain/bin/../lib/gcc/avr/4.9.2/../../../../avr/lib/avr5\libm.a(fixunssfsi.o)
 .text          0x00000000        0x0 e:/prog_files/atmel/studio/7.0/toolchain/avr8/avr8-gnu-toolchain/bin/../lib/gcc/avr/4.9.2/../../../../avr/lib/avr5\libm.a(floatsisf.o)
 .data          0x00000000        0x0 e:/prog_files/atmel/studio/7.0/toolchain/avr8/avr8-gnu-toolchain/bin/../lib/gcc/avr/4.9.2/../../../../avr/lib/avr5\libm.a(floatsisf.o)
 .bss           0x00000000        0x0 e:/prog_files/atmel/studio/7.0/toolchain/avr8/avr8-gnu-toolchain/bin/../lib/gcc/avr/4.9.2/../../../../avr/lib/avr5\libm.a(floatsisf.o)
 .text.avr-libc.fplib
                0x00000000       0x7a e:/prog_files/atmel/studio/7.0/toolchain/avr8/avr8-gnu-toolchain/bin/../lib/gcc/avr/4.9.2/../../../../avr/lib/avr5\libm.a(floatsisf.o)
 .text          0x00000000        0x0 e:/prog_files/atmel/studio/7.0/toolchain/avr8/avr8-gnu-toolchain/bin/../lib/gcc/avr/4.9.2/../../../../avr/lib/avr5\libm.a(fp_inf.o)
 .data          0x00000000        0x0 e:/prog_files/atmel/studio/7.0/toolchain/avr8/avr8-gnu-toolchain/bin/../lib/gcc/avr/4.9.2/../../../../avr/lib/avr5\libm.a(fp_inf.o)
 .bss           0x00000000        0x0 e:/prog_files/atmel/studio/7.0/toolchain/avr8/avr8-gnu-toolchain/bin/../lib/gcc/avr/4.9.2/../../../../avr/lib/avr5\libm.a(fp_inf.o)
 .text.avr-libc.fplib
                0x00000000        0xc e:/prog_files/atmel/studio/7.0/toolchain/avr8/avr8-gnu-toolchain/bin/../lib/gcc/avr/4.9.2/../../../../avr/lib/avr5\libm.a(fp_inf.o)
 .text          0x00000000        0x0 e:/prog_files/atmel/studio/7.0/toolchain/avr8/avr8-gnu-toolchain/bin/../lib/gcc/avr/4.9.2/../../../../avr/lib/avr5\libm.a(fp_nan.o)
 .data          0x00000000        0x0 e:/prog_files/atmel/studio/7.0/toolchain/avr8/avr8-gnu-toolchain/bin/../lib/gcc/avr/4.9.2/../../../../avr/lib/avr5\libm.a(fp_nan.o)
 .bss           0x00000000        0x0 e:/prog_files/atmel/studio/7.0/toolchain/avr8/avr8-gnu-toolchain/bin/../lib/gcc/avr/4.9.2/../../../../avr/lib/avr5\libm.a(fp_nan.o)
 .text.avr-libc.fplib
                0x00000000        0x6 e:/prog_files/atmel/studio/7.0/toolchain/avr8/avr8-gnu-toolchain/bin/../lib/gcc/avr/4.9.2/../../../../avr/lib/avr5\libm.a(fp_nan.o)
 .text          0x00000000        0x0 e:/prog_files/atmel/studio/7.0/toolchain/avr8/avr8-gnu-toolchain/bin/../lib/gcc/avr/4.9.2/../../../../avr/lib/avr5\libm.a(fp_pscA.o)
 .data          0x00000000        0x0 e:/prog_files/atmel/studio/7.0/toolchain/avr8/avr8-gnu-toolchain/bin/../lib/gcc/avr/4.9.2/../../../../avr/lib/avr5\libm.a(fp_pscA.o)
 .bss           0x00000000        0x0 e:/prog_files/atmel/studio/7.0/toolchain/avr8/avr8-gnu-toolchain/bin/../lib/gcc/avr/4.9.2/../../../../avr/lib/avr5\libm.a(fp_pscA.o)
 .text.avr-libc.fplib
                0x00000000        0xe e:/prog_files/atmel/studio/7.0/toolchain/avr8/avr8-gnu-toolchain/bin/../lib/gcc/avr/4.9.2/../../../../avr/lib/avr5\libm.a(fp_pscA.o)
 .text          0x00000000        0x0 e:/prog_files/atmel/studio/7.0/toolchain/avr8/avr8-gnu-toolchain/bin/../lib/gcc/avr/4.9.2/../../../../avr/lib/avr5\libm.a(fp_pscB.o)
 .data          0x00000000        0x0 e:/prog_files/atmel/studio/7.0/toolchain/avr8/avr8-gnu-toolchain/bin/../lib/gcc/avr/4.9.2/../../../../avr/lib/avr5\libm.a(fp_pscB.o)
 .bss           0x00000000        0x0 e:/prog_files/atmel/studio/7.0/toolchain/avr8/avr8-gnu-toolchain/bin/../lib/gcc/avr/4.9.2/../../../../avr/lib/avr5\libm.a(fp_pscB.o)
 .text.avr-libc.fplib
                0x00000000        0xe e:/prog_files/atmel/studio/7.0/toolchain/avr8/avr8-gnu-toolchain/bin/../lib/gcc/avr/4.9.2/../../../../avr/lib/avr5\libm.a(fp_pscB.o)
 .text          0x00000000        0x0 e:/prog_files/atmel/studio/7.0/toolchain/avr8/avr8-gnu-toolchain/bin/../lib/gcc/avr/4.9.2/../../../../avr/lib/avr5\libm.a(fp_round.o)
 .data          0x00000000        0x0 e:/prog_files/atmel/studio/7.0/toolchain/avr8/avr8-gnu-toolchain/bin/../lib/gcc/avr/4.9.2/../../../../avr/lib/avr5\libm.a(fp_round.o)
 .bss           0x00000000        0x0 e:/prog_files/atmel/studio/7.0/toolchain/avr8/avr8-gnu-toolchain/bin/../lib/gcc/avr/4.9.2/../../../../avr/lib/avr5\libm.a(fp_round.o)
 .text.avr-libc.fplib
                0x00000000       0x22 e:/prog_files/atmel/studio/7.0/toolchain/avr8/avr8-gnu-toolchain/bin/../lib/gcc/avr/4.9.2/../../../../avr/lib/avr5\libm.a(fp_round.o)
 .text          0x00000000        0x0 e:/prog_files/atmel/studio/7.0/toolchain/avr8/avr8-gnu-toolchain/bin/../lib/gcc/avr/4.9.2/../../../../avr/lib/avr5\libm.a(fp_split3.o)
 .data          0x00000000        0x0 e:/prog_files/atmel/studio/7.0/toolchain/avr8/avr8-gnu-toolchain/bin/../lib/gcc/avr/4.9.2/../../../../avr/lib/avr5\libm.a(fp_split3.o)
 .bss           0x00000000        0x0 e:/prog_files/atmel/studio/7.0/toolchain/avr8/avr8-gnu-toolchain/bin/../lib/gcc/avr/4.9.2/../../../../avr/lib/avr5\libm.a(fp_split3.o)
 .text.avr-libc.fplib
                0x00000000       0x44 e:/prog_files/atmel/studio/7.0/toolchain/avr8/avr8-gnu-toolchain/bin/../lib/gcc/avr/4.9.2/../../../../avr/lib/avr5\libm.a(fp_split3.o)
 .text          0x00000000        0x0 e:/prog_files/atmel/studio/7.0/toolchain/avr8/avr8-gnu-toolchain/bin/../lib/gcc/avr/4.9.2/../../../../avr/lib/avr5\libm.a(fp_zero.o)
 .data          0x00000000        0x0 e:/prog_files/atmel/studio/7.0/toolchain/avr8/avr8-gnu-toolchain/bin/../lib/gcc/avr/4.9.2/../../../../avr/lib/avr5\libm.a(fp_zero.o)
 .bss           0x00000000        0x0 e:/prog_files/atmel/studio/7.0/toolchain/avr8/avr8-gnu-toolchain/bin/../lib/gcc/avr/4.9.2/../../../../avr/lib/avr5\libm.a(fp_zero.o)
 .text.avr-libc.fplib
                0x00000000        0xe e:/prog_files/atmel/studio/7.0/toolchain/avr8/avr8-gnu-toolchain/bin/../lib/gcc/avr/4.9.2/../../../../avr/lib/avr5\libm.a(fp_zero.o)
 .text          0x00000000        0x0 e:/prog_files/atmel/studio/7.0/toolchain/avr8/avr8-gnu-toolchain/bin/../lib/gcc/avr/4.9.2/../../../../avr/lib/avr5\libm.a(mulsf3.o)
 .data          0x00000000        0x0 e:/prog_files/atmel/studio/7.0/toolchain/avr8/avr8-gnu-toolchain/bin/../lib/gcc/avr/4.9.2/../../../../avr/lib/avr5\libm.a(mulsf3.o)
 .bss           0x00000000        0x0 e:/prog_files/atmel/studio/7.0/toolchain/avr8/avr8-gnu-toolchain/bin/../lib/gcc/avr/4.9.2/../../../../avr/lib/avr5\libm.a(mulsf3.o)
 .text.avr-libc.fplib
                0x00000000        0x8 e:/prog_files/atmel/studio/7.0/toolchain/avr8/avr8-gnu-toolchain/bin/../lib/gcc/avr/4.9.2/../../../../avr/lib/avr5\libm.a(mulsf3.o)
 .text          0x00000000        0x0 e:/prog_files/atmel/studio/7.0/toolchain/avr8/avr8-gnu-toolchain/bin/../lib/gcc/avr/4.9.2/../../../../avr/lib/avr5\libm.a(mulsf3x.o)
 .data          0x00000000        0x0 e:/prog_files/atmel/studio/7.0/toolchain/avr8/avr8-gnu-toolchain/bin/../lib/gcc/avr/4.9.2/../../../../avr/lib/avr5\libm.a(mulsf3x.o)
 .bss           0x00000000        0x0 e:/prog_files/atmel/studio/7.0/toolchain/avr8/avr8-gnu-toolchain/bin/../lib/gcc/avr/4.9.2/../../../../avr/lib/avr5\libm.a(mulsf3x.o)
 .text.avr-libc.fplib
                0x00000000       0xd2 e:/prog_files/atmel/studio/7.0/toolchain/avr8/avr8-gnu-toolchain/bin/../lib/gcc/avr/4.9.2/../../../../avr/lib/avr5\libm.a(mulsf3x.o)
 .text          0x00000000        0x0 e:/prog_files/atmel/studio/7.0/toolchain/avr8/avr8-gnu-toolchain/bin/../lib/gcc/avr/4.9.2/avr5\libgcc.a(_udivmodsi4.o)
 .data          0x00000000        0x0 e:/prog_files/atmel/studio/7.0/toolchain/avr8/avr8-gnu-toolchain/bin/../lib/gcc/avr/4.9.2/avr5\libgcc.a(_udivmodsi4.o)
 .bss           0x00000000        0x0 e:/prog_files/atmel/studio/7.0/toolchain/avr8/avr8-gnu-toolchain/bin/../lib/gcc/avr/4.9.2/avr5\libgcc.a(_udivmodsi4.o)
 .text.libgcc.mul
                0x00000000        0x0 e:/prog_files/atmel/studio/7.0/toolchain/avr8/avr8-gnu-toolchain/bin/../lib/gcc/avr/4.9.2/avr5\libgcc.a(_udivmodsi4.o)
 .text.libgcc.div
                0x00000000       0x44 e:/prog_files/atmel/studio/7.0/toolchain/avr8/avr8-gnu-toolchain/bin/../lib/gcc/avr/4.9.2/avr5\libgcc.a(_udivmodsi4.o)
 .text.libgcc   0x00000000        0x0 e:/prog_files/atmel/studio/7.0/toolchain/avr8/avr8-gnu-toolchain/bin/../lib/gcc/avr/4.9.2/avr5\libgcc.a(_udivmodsi4.o)
 .text.libgcc.prologue
                0x00000000        0x0 e:/prog_files/atmel/studio/7.0/toolchain/avr8/avr8-gnu-toolchain/bin/../lib/gcc/avr/4.9.2/avr5\libgcc.a(_udivmodsi4.o)
 .text.libgcc.builtins
                0x00000000        0x0 e:/prog_files/atmel/studio/7.0/toolchain/avr8/avr8-gnu-toolchain/bin/../lib/gcc/avr/4.9.2/avr5\libgcc.a(_udivmodsi4.o)
 .text.libgcc.fmul
                0x00000000        0x0 e:/prog_files/atmel/studio/7.0/toolchain/avr8/avr8-gnu-toolchain/bin/../lib/gcc/avr/4.9.2/avr5\libgcc.a(_udivmodsi4.o)
 .text.libgcc.fixed
                0x00000000        0x0 e:/prog_files/atmel/studio/7.0/toolchain/avr8/avr8-gnu-toolchain/bin/../lib/gcc/avr/4.9.2/avr5\libgcc.a(_udivmodsi4.o)
 .text          0x00000000        0x0 e:/prog_files/atmel/studio/7.0/toolchain/avr8/avr8-gnu-toolchain/bin/../lib/gcc/avr/4.9.2/avr5\libgcc.a(_exit.o)
 .data          0x00000000        0x0 e:/prog_files/atmel/studio/7.0/toolchain/avr8/avr8-gnu-toolchain/bin/../lib/gcc/avr/4.9.2/avr5\libgcc.a(_exit.o)
 .bss           0x00000000        0x0 e:/prog_files/atmel/studio/7.0/toolchain/avr8/avr8-gnu-toolchain/bin/../lib/gcc/avr/4.9.2/avr5\libgcc.a(_exit.o)
 .text.libgcc.mul
                0x00000000        0x0 e:/prog_files/atmel/studio/7.0/toolchain/avr8/avr8-gnu-toolchain/bin/../lib/gcc/avr/4.9.2/avr5\libgcc.a(_exit.o)
 .text.libgcc.div
                0x00000000        0x0 e:/prog_files/atmel/studio/7.0/toolchain/avr8/avr8-gnu-toolchain/bin/../lib/gcc/avr/4.9.2/avr5\libgcc.a(_exit.o)
 .text.libgcc   0x00000000        0x0 e:/prog_files/atmel/studio/7.0/toolchain/avr8/avr8-gnu-toolchain/bin/../lib/gcc/avr/4.9.2/avr5\libgcc.a(_exit.o)
 .text.libgcc.prologue
                0x00000000        0x0 e:/prog_files/atmel/studio/7.0/toolchain/avr8/avr8-gnu-toolchain/bin/../lib/gcc/avr/4.9.2/avr5\libgcc.a(_exit.o)
 .text.libgcc.builtins
                0x00000000        0x0 e:/prog_files/atmel/studio/7.0/toolchain/avr8/avr8-gnu-toolchain/bin/../lib/gcc/avr/4.9.2/avr5\libgcc.a(_exit.o)
 .text.libgcc.fmul
                0x00000000        0x0 e:/prog_files/atmel/studio/7.0/toolchain/avr8/avr8-gnu-toolchain/bin/../lib/gcc/avr/4.9.2/avr5\libgcc.a(_exit.o)
 .text.libgcc.fixed
                0x00000000        0x0 e:/prog_files/atmel/studio/7.0/toolchain/avr8/avr8-gnu-toolchain/bin/../lib/gcc/avr/4.9.2/avr5\libgcc.a(_exit.o)
 .text          0x00000000        0x0 e:/prog_files/atmel/studio/7.0/toolchain/avr8/avr8-gnu-toolchain/bin/../lib/gcc/avr/4.9.2/avr5\libgcc.a(_tablejump2.o)
 .data          0x00000000        0x0 e:/prog_files/atmel/studio/7.0/toolchain/avr8/avr8-gnu-toolchain/bin/../lib/gcc/avr/4.9.2/avr5\libgcc.a(_tablejump2.o)
 .bss           0x00000000        0x0 e:/prog_files/atmel/studio/7.0/toolchain/avr8/avr8-gnu-toolchain/bin/../lib/gcc/avr/4.9.2/avr5\libgcc.a(_tablejump2.o)
 .text.libgcc.mul
                0x00000000        0x0 e:/prog_files/atmel/studio/7.0/toolchain/avr8/avr8-gnu-toolchain/bin/../lib/gcc/avr/4.9.2/avr5\libgcc.a(_tablejump2.o)
 .text.libgcc.div
                0x00000000        0x0 e:/prog_files/atmel/studio/7.0/toolchain/avr8/avr8-gnu-toolchain/bin/../lib/gcc/avr/4.9.2/avr5\libgcc.a(_tablejump2.o)
 .text.libgcc.prologue
                0x00000000        0x0 e:/prog_files/atmel/studio/7.0/toolchain/avr8/avr8-gnu-toolchain/bin/../lib/gcc/avr/4.9.2/avr5\libgcc.a(_tablejump2.o)
 .text.libgcc.builtins
                0x00000000        0x0 e:/prog_files/atmel/studio/7.0/toolchain/avr8/avr8-gnu-toolchain/bin/../lib/gcc/avr/4.9.2/avr5\libgcc.a(_tablejump2.o)
 .text.libgcc.fmul
                0x00000000        0x0 e:/prog_files/atmel/studio/7.0/toolchain/avr8/avr8-gnu-toolchain/bin/../lib/gcc/avr/4.9.2/avr5\libgcc.a(_tablejump2.o)
 .text.libgcc.fixed
                0x00000000        0x0 e:/prog_files/atmel/studio/7.0/toolchain/avr8/avr8-gnu-toolchain/bin/../lib/gcc/avr/4.9.2/avr5\libgcc.a(_tablejump2.o)
 .text          0x00000000        0x0 e:/prog_files/atmel/studio/7.0/toolchain/avr8/avr8-gnu-toolchain/bin/../lib/gcc/avr/4.9.2/avr5\libgcc.a(_copy_data.o)
 .data          0x00000000        0x0 e:/prog_files/atmel/studio/7.0/toolchain/avr8/avr8-gnu-toolchain/bin/../lib/gcc/avr/4.9.2/avr5\libgcc.a(_copy_data.o)
 .bss           0x00000000        0x0 e:/prog_files/atmel/studio/7.0/toolchain/avr8/avr8-gnu-toolchain/bin/../lib/gcc/avr/4.9.2/avr5\libgcc.a(_copy_data.o)
 .text.libgcc.mul
                0x00000000        0x0 e:/prog_files/atmel/studio/7.0/toolchain/avr8/avr8-gnu-toolchain/bin/../lib/gcc/avr/4.9.2/avr5\libgcc.a(_copy_data.o)
 .text.libgcc.div
                0x00000000        0x0 e:/prog_files/atmel/studio/7.0/toolchain/avr8/avr8-gnu-toolchain/bin/../lib/gcc/avr/4.9.2/avr5\libgcc.a(_copy_data.o)
 .text.libgcc   0x00000000        0x0 e:/prog_files/atmel/studio/7.0/toolchain/avr8/avr8-gnu-toolchain/bin/../lib/gcc/avr/4.9.2/avr5\libgcc.a(_copy_data.o)
 .text.libgcc.prologue
                0x00000000        0x0 e:/prog_files/atmel/studio/7.0/toolchain/avr8/avr8-gnu-toolchain/bin/../lib/gcc/avr/4.9.2/avr5\libgcc.a(_copy_data.o)
 .text.libgcc.builtins
                0x00000000        0x0 e:/prog_files/atmel/studio/7.0/toolchain/avr8/avr8-gnu-toolchain/bin/../lib/gcc/avr/4.9.2/avr5\libgcc.a(_copy_data.o)
 .text.libgcc.fmul
                0x00000000        0x0 e:/prog_files/atmel/studio/7.0/toolchain/avr8/avr8-gnu-toolchain/bin/../lib/gcc/avr/4.9.2/avr5\libgcc.a(_copy_data.o)
 .text.libgcc.fixed
                0x00000000        0x0 e:/prog_files/atmel/studio/7.0/toolchain/avr8/avr8-gnu-toolchain/bin/../lib/gcc/avr/4.9.2/avr5\libgcc.a(_copy_data.o)
 .text          0x00000000        0x0 e:/prog_files/atmel/studio/7.0/toolchain/avr8/avr8-gnu-toolchain/bin/../lib/gcc/avr/4.9.2/avr5\libgcc.a(_clear_bss.o)
 .data          0x00000000        0x0 e:/prog_files/atmel/studio/7.0/toolchain/avr8/avr8-gnu-toolchain/bin/../lib/gcc/avr/4.9.2/avr5\libgcc.a(_clear_bss.o)
 .bss           0x00000000        0x0 e:/prog_files/atmel/studio/7.0/toolchain/avr8/avr8-gnu-toolchain/bin/../lib/gcc/avr/4.9.2/avr5\libgcc.a(_clear_bss.o)
 .text.libgcc.mul
                0x00000000        0x0 e:/prog_files/atmel/studio/7.0/toolchain/avr8/avr8-gnu-toolchain/bin/../lib/gcc/avr/4.9.2/avr5\libgcc.a(_clear_bss.o)
 .text.libgcc.div
                0x00000000        0x0 e:/prog_files/atmel/studio/7.0/toolchain/avr8/avr8-gnu-toolchain/bin/../lib/gcc/avr/4.9.2/avr5\libgcc.a(_clear_bss.o)
 .text.libgcc   0x00000000        0x0 e:/prog_files/atmel/studio/7.0/toolchain/avr8/avr8-gnu-toolchain/bin/../lib/gcc/avr/4.9.2/avr5\libgcc.a(_clear_bss.o)
 .text.libgcc.prologue
                0x00000000        0x0 e:/prog_files/atmel/studio/7.0/toolchain/avr8/avr8-gnu-toolchain/bin/../lib/gcc/avr/4.9.2/avr5\libgcc.a(_clear_bss.o)
 .text.libgcc.builtins
                0x00000000        0x0 e:/prog_files/atmel/studio/7.0/toolchain/avr8/avr8-gnu-toolchain/bin/../lib/gcc/avr/4.9.2/avr5\libgcc.a(_clear_bss.o)
 .text.libgcc.fmul
                0x00000000        0x0 e:/prog_files/atmel/studio/7.0/toolchain/avr8/avr8-gnu-toolchain/bin/../lib/gcc/avr/4.9.2/avr5\libgcc.a(_clear_bss.o)
 .text.libgcc.fixed
                0x00000000        0x0 e:/prog_files/atmel/studio/7.0/toolchain/avr8/avr8-gnu-toolchain/bin/../lib/gcc/avr/4.9.2/avr5\libgcc.a(_clear_bss.o)

Memory Configuration

Name             Origin             Length             Attributes
text             0x00000000         0x00020000         xr
data             0x00800060         0x0000ffa0         rw !x
eeprom           0x00810000         0x00010000         rw !x
fuse             0x00820000         0x00000400         rw !x
lock             0x00830000         0x00000400         rw !x
signature        0x00840000         0x00000400         rw !x
user_signatures  0x00850000         0x00000400         rw !x
*default*        0x00000000         0xffffffff

Linker script and memory map

LOAD E:/Prog_Files/Atmel/Studio/7.0/Packs/atmel/ATmega_DFP/1.0.90/gcc/dev/atmega32/avr5/crtatmega32.o
LOAD ECUAL/KeyPad.o
LOAD ECUAL/LCD.o
LOAD main.o
LOAD MCAL/DIO.o
LOAD MCAL/PWM.o
LOAD MCAL/SPI__.o
LOAD MCAL/Timer.o
LOAD MCAL/UART.o
LOAD SL/BCM.o
LOAD SL/SOS.o
LOAD SL/SOS_PBcfg.o
LOAD util/softwareDelay.o
START GROUP
LOAD e:/prog_files/atmel/studio/7.0/toolchain/avr8/avr8-gnu-toolchain/bin/../lib/gcc/avr/4.9.2/../../../../avr/lib/avr5\libm.a
END GROUP
START GROUP
LOAD e:/prog_files/atmel/studio/7.0/toolchain/avr8/avr8-gnu-toolchain/bin/../lib/gcc/avr/4.9.2/avr5\libgcc.a
LOAD e:/prog_files/atmel/studio/7.0/toolchain/avr8/avr8-gnu-toolchain/bin/../lib/gcc/avr/4.9.2/../../../../avr/lib/avr5\libm.a
LOAD e:/prog_files/atmel/studio/7.0/toolchain/avr8/avr8-gnu-toolchain/bin/../lib/gcc/avr/4.9.2/../../../../avr/lib/avr5\libc.a
LOAD E:/Prog_Files/Atmel/Studio/7.0/Packs/atmel/ATmega_DFP/1.0.90/gcc/dev/atmega32/avr5\libatmega32.a
END GROUP

.hash
 *(.hash)

.dynsym
 *(.dynsym)

.dynstr
 *(.dynstr)

.gnu.version
 *(.gnu.version)

.gnu.version_d
 *(.gnu.version_d)

.gnu.version_r
 *(.gnu.version_r)

.rel.init
 *(.rel.init)

.rela.init
 *(.rela.init)

.rel.text
 *(.rel.text)
 *(.rel.text.*)
 *(.rel.gnu.linkonce.t*)

.rela.text
 *(.rela.text)
 *(.rela.text.*)
 *(.rela.gnu.linkonce.t*)

.rel.fini
 *(.rel.fini)

.rela.fini
 *(.rela.fini)

.rel.rodata
 *(.rel.rodata)
 *(.rel.rodata.*)
 *(.rel.gnu.linkonce.r*)

.rela.rodata
 *(.rela.rodata)
 *(.rela.rodata.*)
 *(.rela.gnu.linkonce.r*)

.rel.data
 *(.rel.data)
 *(.rel.data.*)
 *(.rel.gnu.linkonce.d*)

.rela.data
 *(.rela.data)
 *(.rela.data.*)
 *(.rela.gnu.linkonce.d*)

.rel.ctors
 *(.rel.ctors)

.rela.ctors
 *(.rela.ctors)

.rel.dtors
 *(.rel.dtors)

.rela.dtors
 *(.rela.dtors)

.rel.got
 *(.rel.got)

.rela.got
 *(.rela.got)

.rel.bss
 *(.rel.bss)

.rela.bss
 *(.rela.bss)

.rel.plt
 *(.rel.plt)

.rela.plt
 *(.rela.plt)

.text           0x00000000     0x1d84
 *(.vectors)
 .vectors       0x00000000       0x54 E:/Prog_Files/Atmel/Studio/7.0/Packs/atmel/ATmega_DFP/1.0.90/gcc/dev/atmega32/avr5/crtatmega32.o
                0x00000000                __vector_default
                0x00000000                __vectors
 *(.vectors)
 *(.progmem.gcc*)
 .progmem.gcc_sw_table.Game_App
                0x00000054        0xe main.o
 .progmem.gcc_sw_table.Timer_Init
                0x00000062       0x30 MCAL/Timer.o
                0x00000092                . = ALIGN (0x2)
                0x00000092                __trampolines_start = .
 *(.trampolines)
 .trampolines   0x00000092        0x0 linker stubs
 *(.trampolines*)
                0x00000092                __trampolines_end = .
 *(.progmem*)
                0x00000092                . = ALIGN (0x2)
 *(.jumptables)
 *(.jumptables*)
 *(.lowtext)
 *(.lowtext*)
                0x00000092                __ctors_start = .
 *(.ctors)
                0x00000092                __ctors_end = .
                0x00000092                __dtors_start = .
 *(.dtors)
                0x00000092                __dtors_end = .
 SORT(*)(.ctors)
 SORT(*)(.dtors)
 *(.init0)
 .init0         0x00000092        0x0 E:/Prog_Files/Atmel/Studio/7.0/Packs/atmel/ATmega_DFP/1.0.90/gcc/dev/atmega32/avr5/crtatmega32.o
                0x00000092                __init
 *(.init0)
 *(.init1)
 *(.init1)
 *(.init2)
 .init2         0x00000092        0xc E:/Prog_Files/Atmel/Studio/7.0/Packs/atmel/ATmega_DFP/1.0.90/gcc/dev/atmega32/avr5/crtatmega32.o
 *(.init2)
 *(.init3)
 *(.init3)
 *(.init4)
 .init4         0x0000009e       0x16 e:/prog_files/atmel/studio/7.0/toolchain/avr8/avr8-gnu-toolchain/bin/../lib/gcc/avr/4.9.2/avr5\libgcc.a(_copy_data.o)
                0x0000009e                __do_copy_data
 .init4         0x000000b4       0x10 e:/prog_files/atmel/studio/7.0/toolchain/avr8/avr8-gnu-toolchain/bin/../lib/gcc/avr/4.9.2/avr5\libgcc.a(_clear_bss.o)
                0x000000b4                __do_clear_bss
 *(.init4)
 *(.init5)
 *(.init5)
 *(.init6)
 *(.init6)
 *(.init7)
 *(.init7)
 *(.init8)
 *(.init8)
 *(.init9)
 .init9         0x000000c4        0x8 E:/Prog_Files/Atmel/Studio/7.0/Packs/atmel/ATmega_DFP/1.0.90/gcc/dev/atmega32/avr5/crtatmega32.o
 *(.init9)
 *(.text)
 .text          0x000000cc        0x4 E:/Prog_Files/Atmel/Studio/7.0/Packs/atmel/ATmega_DFP/1.0.90/gcc/dev/atmega32/avr5/crtatmega32.o
                0x000000cc                __vector_1
                0x000000cc                __bad_interrupt
                0x000000cc                __vector_6
                0x000000cc                __vector_3
                0x000000cc                __vector_17
                0x000000cc                __vector_19
                0x000000cc                __vector_2
                0x000000cc                __vector_14
                0x000000cc                __vector_16
                0x000000cc                __vector_18
                0x000000cc                __vector_20
                0x000000d0                . = ALIGN (0x2)
 *(.text.*)
 .text.Keypad_Init
                0x000000d0      0x100 ECUAL/KeyPad.o
                0x000000d0                Keypad_Init
 .text.Keypad_Scan
                0x000001d0      0x4f2 ECUAL/KeyPad.o
                0x000001d0                Keypad_Scan
 .text.LCD_DATA
                0x000006c2       0x74 ECUAL/LCD.o
                0x000006c2                LCD_DATA
 .text.LCD_sendCommand
                0x00000736       0x3c ECUAL/LCD.o
                0x00000736                LCD_sendCommand
 .text.LCD_init
                0x00000772       0xc8 ECUAL/LCD.o
                0x00000772                LCD_init
 .text.LCD_displayChar
                0x0000083a       0x68 ECUAL/LCD.o
                0x0000083a                LCD_displayChar
 .text.LCD_gotoRowColumn
                0x000008a2       0x40 ECUAL/LCD.o
                0x000008a2                LCD_gotoRowColumn
 .text.LCD_displayString
                0x000008e2       0x30 ECUAL/LCD.o
                0x000008e2                LCD_displayString
 .text.LCD_displayStringRowColumn
                0x00000912       0x1a ECUAL/LCD.o
                0x00000912                LCD_displayStringRowColumn
 .text.LCD_clear
                0x0000092c       0x12 ECUAL/LCD.o
                0x0000092c                LCD_clear
 .text.Dummy    0x0000093e        0xe main.o
                0x0000093e                Dummy
 .text.Scan_Keypad
                0x0000094c        0xa main.o
                0x0000094c                Scan_Keypad
 .text.Update_LEDs
                0x00000956       0xb8 main.o
                0x00000956                Update_LEDs
 .text.Game_App
                0x00000a0e      0x59a main.o
                0x00000a0e                Game_App
 .text.Init_LEDs
                0x00000fa8       0x68 main.o
                0x00000fa8                Init_LEDs
 .text.main     0x00001010       0x88 main.o
                0x00001010                main
 .text.DIO_init
                0x00001098       0x8c MCAL/DIO.o
                0x00001098                DIO_init
 .text.DIO_Write
                0x00001124       0x66 MCAL/DIO.o
                0x00001124                DIO_Write
 .text.DIO_Read
                0x0000118a       0x5a MCAL/DIO.o
                0x0000118a                DIO_Read
 .text.DIO_Toggle
                0x000011e4       0x76 MCAL/DIO.o
                0x000011e4                DIO_Toggle
 .text.__vector_12
                0x0000125a       0x54 MCAL/SPI__.o
                0x0000125a                __vector_12
 .text.Timer_Init
                0x000012ae      0x2cc MCAL/Timer.o
                0x000012ae                Timer_Init
 .text.Timer_Start
                0x0000157a       0x78 MCAL/Timer.o
                0x0000157a                Timer_Start
 .text.TIMER0_SetCM
                0x000015f2        0xa MCAL/Timer.o
                0x000015f2                TIMER0_SetCM
 .text.TIMER2_SetCM
                0x000015fc        0xa MCAL/Timer.o
                0x000015fc                TIMER2_SetCM
 .text.TIMER1_SetCM
                0x00001606        0xa MCAL/Timer.o
                0x00001606                TIMER1_SetCM
 .text.__vector_11
                0x00001610       0x52 MCAL/Timer.o
                0x00001610                __vector_11
 .text.__vector_10
                0x00001662       0x52 MCAL/Timer.o
                0x00001662                __vector_10
 .text.__vector_5
                0x000016b4       0x52 MCAL/Timer.o
                0x000016b4                __vector_5
 .text.__vector_4
                0x00001706       0x52 MCAL/Timer.o
                0x00001706                __vector_4
 .text.__vector_9
                0x00001758       0x52 MCAL/Timer.o
                0x00001758                __vector_9
 .text.__vector_7
                0x000017aa       0x52 MCAL/Timer.o
                0x000017aa                __vector_7
 .text.__vector_8
                0x000017fc       0x52 MCAL/Timer.o
                0x000017fc                __vector_8
 .text.__vector_13
                0x0000184e       0x52 MCAL/UART.o
                0x0000184e                __vector_13
 .text.__vector_15
                0x000018a0       0x52 MCAL/UART.o
                0x000018a0                __vector_15
 .text.SOS_ISR_cbf
                0x000018f2       0x38 SL/SOS.o
 .text.SOS_Init
                0x0000192a       0xd8 SL/SOS.o
                0x0000192a                SOS_Init
 .text.Start_Task
                0x00001a02      0x16a SL/SOS.o
                0x00001a02                Start_Task
 .text.SOS_Run  0x00001b6c      0x208 SL/SOS.o
                0x00001b6c                SOS_Run
 .text.libgcc   0x00001d74        0xc e:/prog_files/atmel/studio/7.0/toolchain/avr8/avr8-gnu-toolchain/bin/../lib/gcc/avr/4.9.2/avr5\libgcc.a(_tablejump2.o)
                0x00001d74                __tablejump2__
                0x00001d80                . = ALIGN (0x2)
 *(.fini9)
 .fini9         0x00001d80        0x0 e:/prog_files/atmel/studio/7.0/toolchain/avr8/avr8-gnu-toolchain/bin/../lib/gcc/avr/4.9.2/avr5\libgcc.a(_exit.o)
                0x00001d80                _exit
                0x00001d80                exit
 *(.fini9)
 *(.fini8)
 *(.fini8)
 *(.fini7)
 *(.fini7)
 *(.fini6)
 *(.fini6)
 *(.fini5)
 *(.fini5)
 *(.fini4)
 *(.fini4)
 *(.fini3)
 *(.fini3)
 *(.fini2)
 *(.fini2)
 *(.fini1)
 *(.fini1)
 *(.fini0)
 .fini0         0x00001d80        0x4 e:/prog_files/atmel/studio/7.0/toolchain/avr8/avr8-gnu-toolchain/bin/../lib/gcc/avr/4.9.2/avr5\libgcc.a(_exit.o)
 *(.fini0)
                0x00001d84                _etext = .

.data           0x00800060      0x16a load address 0x00001d84
                0x00800060                PROVIDE (__data_start, .)
 *(.data)
 *(.data*)
 .data.States_Buffer.1493
                0x00800060       0x48 ECUAL/KeyPad.o
 .data.g_u8_RxFlag
                0x008000a8        0x1 MCAL/SPI__.o
                0x008000a8                g_u8_RxFlag
 .data.g_SOS    0x008000a9        0x5 SL/SOS.o
 *(.rodata)
 *(.rodata*)
 .rodata.str1.1
                0x008000ae      0x11b main.o
 *(.gnu.linkonce.d*)
                0x008001ca                . = ALIGN (0x2)
 *fill*         0x008001c9        0x1 
                0x008001ca                _edata = .
                0x008001ca                PROVIDE (__data_end, .)

.bss            0x008001ca      0x192
                0x008001ca                PROVIDE (__bss_start, .)
 *(.bss)
 *(.bss*)
 .bss.index.1492
                0x008001ca        0x1 ECUAL/KeyPad.o
 .bss.Ex_Keypad_ROW
                0x008001cb        0x9 ECUAL/KeyPad.o
 .bss.Ex_Keypad_COL
                0x008001d4        0x9 ECUAL/KeyPad.o
 .bss.Score.1628
                0x008001dd        0x1 main.o
 .bss.Key_Hold.1629
                0x008001de        0x1 main.o
 .bss.Ticks.1627
                0x008001df        0x1 main.o
 .bss.Game_FSM.1626
                0x008001e0        0x1 main.o
 .bss.key_states
                0x008001e1        0x9 main.o
                0x008001e1                key_states
 .bss.Ptr_Timer2_CM
                0x008001ea        0x2 MCAL/Timer.o
                0x008001ea                Ptr_Timer2_CM
 .bss.Ptr_Timer2_OV
                0x008001ec        0x2 MCAL/Timer.o
                0x008001ec                Ptr_Timer2_OV
 .bss.Ptr_Timer1_CM
                0x008001ee        0x2 MCAL/Timer.o
                0x008001ee                Ptr_Timer1_CM
 .bss.Ptr_Timer1_OV
                0x008001f0        0x2 MCAL/Timer.o
                0x008001f0                Ptr_Timer1_OV
 .bss.Ptr_Timer0_CM
                0x008001f2        0x2 MCAL/Timer.o
                0x008001f2                Ptr_Timer0_CM
 .bss.Ptr_Timer0_OV
                0x008001f4        0x2 MCAL/Timer.o
                0x008001f4                Ptr_Timer0_OV
 .bss.Timer2_Prescaler
                0x008001f6        0x1 MCAL/Timer.o
 .bss.Timer1_Prescaler
                0x008001f7        0x2 MCAL/Timer.o
 .bss.Timer0_Prescaler
                0x008001f9        0x1 MCAL/Timer.o
 .bss.Ptr_UART_RX
                0x008001fa        0x2 MCAL/UART.o
                0x008001fa                Ptr_UART_RX
 .bss.Ptr_UART_TX
                0x008001fc        0x2 MCAL/UART.o
                0x008001fc                Ptr_UART_TX
 .bss.g_SysTicks
                0x008001fe        0x2 SL/SOS.o
 .bss.g_SOS_TickTime
                0x00800200        0x2 SL/SOS.o
 .bss.g_TMR_Ticks_Changed
                0x00800202        0x1 SL/SOS.o
 .bss.g_ReqBuffer_Index
                0x00800203        0x2 SL/SOS.o
 .bss.g_ReadyTasks
                0x00800205       0x1e SL/SOS.o
 .bss.g_RequestBuffer
                0x00800223      0x11d SL/SOS.o
 .bss.g_SOS_TMR
                0x00800340        0x6 SL/SOS.o
 *(COMMON)
 COMMON         0x00800346       0x14 main.o
                0x00800346                g_LED0
                0x00800349                g_LED2
                0x0080034c                g_LED1
                0x0080034f                g_LED3
                0x00800352                MySOS
                0x00800357                Test_Pin
 COMMON         0x0080035a        0x2 MCAL/SPI__.o
                0x0080035a                PTR_CALL_BACK
                0x0080035c                PROVIDE (__bss_end, .)
                0x00001d84                __data_load_start = LOADADDR (.data)
                0x00001eee                __data_load_end = (__data_load_start + SIZEOF (.data))

.noinit         0x0080035c        0x0
                0x0080035c                PROVIDE (__noinit_start, .)
 *(.noinit*)
                0x0080035c                PROVIDE (__noinit_end, .)
                0x0080035c                _end = .
                0x0080035c                PROVIDE (__heap_start, .)

.eeprom         0x00810000        0x0
 *(.eeprom*)
                0x00810000                __eeprom_end = .

.fuse
 *(.fuse)
 *(.lfuse)
 *(.hfuse)
 *(.efuse)

.lock
 *(.lock*)

.signature
 *(.signature*)

.user_signatures
 *(.user_signatures*)

.stab
 *(.stab)

.stabstr
 *(.stabstr)

.stab.excl
 *(.stab.excl)

.stab.exclstr
 *(.stab.exclstr)

.stab.index
 *(.stab.index)

.stab.indexstr
 *(.stab.indexstr)

.comment        0x00000000       0x30
 *(.comment)
 .comment       0x00000000       0x30 ECUAL/KeyPad.o
                                 0x31 (size before relaxing)
 .comment       0x00000030       0x31 ECUAL/LCD.o
 .comment       0x00000030       0x31 main.o
 .comment       0x00000030       0x31 MCAL/DIO.o
 .comment       0x00000030       0x31 MCAL/SPI__.o
 .comment       0x00000030       0x31 MCAL/Timer.o
 .comment       0x00000030       0x31 MCAL/UART.o
 .comment       0x00000030       0x31 SL/SOS.o

.note.gnu.avr.deviceinfo
                0x00000000       0x3c
 .note.gnu.avr.deviceinfo
                0x00000000       0x3c E:/Prog_Files/Atmel/Studio/7.0/Packs/atmel/ATmega_DFP/1.0.90/gcc/dev/atmega32/avr5/crtatmega32.o

.note.gnu.build-id
 *(.note.gnu.build-id)

.debug
 *(.debug)

.line
 *(.line)

.debug_srcinfo
 *(.debug_srcinfo)

.debug_sfnames
 *(.debug_sfnames)

.debug_aranges  0x00000000      0x2b8
 *(.debug_aranges)
 .debug_aranges
                0x00000000       0x28 ECUAL/KeyPad.o
 .debug_aranges
                0x00000028       0x58 ECUAL/LCD.o
 .debug_aranges
                0x00000080       0x68 main.o
 .debug_aranges
                0x000000e8       0x38 MCAL/DIO.o
 .debug_aranges
                0x00000120       0x50 MCAL/SPI__.o
 .debug_aranges
                0x00000170       0xa8 MCAL/Timer.o
 .debug_aranges
                0x00000218       0x58 MCAL/UART.o
 .debug_aranges
                0x00000270       0x48 SL/SOS.o

.debug_pubnames
 *(.debug_pubnames)

.debug_info     0x00000000     0x2f60
 *(.debug_info .gnu.linkonce.wi.*)
 .debug_info    0x00000000      0x593 ECUAL/KeyPad.o
 .debug_info    0x00000593      0x99c ECUAL/LCD.o
 .debug_info    0x00000f2f      0xa6f main.o
 .debug_info    0x0000199e      0x21d MCAL/DIO.o
 .debug_info    0x00001bbb      0x410 MCAL/SPI__.o
 .debug_info    0x00001fcb      0x613 MCAL/Timer.o
 .debug_info    0x000025de      0x3d4 MCAL/UART.o
 .debug_info    0x000029b2      0x5ae SL/SOS.o

.debug_abbrev   0x00000000      0xc09
 *(.debug_abbrev)
 .debug_abbrev  0x00000000      0x11d ECUAL/KeyPad.o
 .debug_abbrev  0x0000011d      0x1b1 ECUAL/LCD.o
 .debug_abbrev  0x000002ce      0x197 main.o
 .debug_abbrev  0x00000465       0xe0 MCAL/DIO.o
 .debug_abbrev  0x00000545      0x1ad MCAL/SPI__.o
 .debug_abbrev  0x000006f2      0x1df MCAL/Timer.o
 .debug_abbrev  0x000008d1      0x15a MCAL/UART.o
 .debug_abbrev  0x00000a2b      0x1de SL/SOS.o

.debug_line     0x00000000      0xccc
 *(.debug_line .debug_line.* .debug_line_end)
 .debug_line    0x00000000      0x13e ECUAL/KeyPad.o
 .debug_line    0x0000013e      0x1f7 ECUAL/LCD.o
 .debug_line    0x00000335      0x284 main.o
 .debug_line    0x000005b9       0xda MCAL/DIO.o
 .debug_line    0x00000693      0x123 MCAL/SPI__.o
 .debug_line    0x000007b6      0x242 MCAL/Timer.o
 .debug_line    0x000009f8       0xed MCAL/UART.o
 .debug_line    0x00000ae5      0x1e7 SL/SOS.o

.debug_frame    0x00000000      0x8d8
 *(.debug_frame)
 .debug_frame   0x00000000       0x70 ECUAL/KeyPad.o
 .debug_frame   0x00000070       0xe0 ECUAL/LCD.o
 .debug_frame   0x00000150       0xd0 main.o
 .debug_frame   0x00000220       0x54 MCAL/DIO.o
 .debug_frame   0x00000274       0xf8 MCAL/SPI__.o
 .debug_frame   0x0000036c      0x32c MCAL/Timer.o
 .debug_frame   0x00000698      0x150 MCAL/UART.o
 .debug_frame   0x000007e8       0xf0 SL/SOS.o

.debug_str      0x00000000      0xb9b
 *(.debug_str)
 .debug_str     0x00000000      0x1f2 ECUAL/KeyPad.o
                                0x247 (size before relaxing)
 .debug_str     0x000001f2      0x11f ECUAL/LCD.o
                                0x2c3 (size before relaxing)
 .debug_str     0x00000311      0x12c main.o
                                0x325 (size before relaxing)
 .debug_str     0x0000043d       0x2e MCAL/DIO.o
                                0x1f2 (size before relaxing)
 .debug_str     0x0000046b      0x146 MCAL/SPI__.o
                                0x302 (size before relaxing)
 .debug_str     0x000005b1      0x217 MCAL/Timer.o
                                0x3c6 (size before relaxing)
 .debug_str     0x000007c8      0x247 MCAL/UART.o
                                0x402 (size before relaxing)
 .debug_str     0x00000a0f      0x18c SL/SOS.o
                                0x42a (size before relaxing)

.debug_loc      0x00000000     0x2872
 *(.debug_loc)
 .debug_loc     0x00000000      0x21e ECUAL/KeyPad.o
 .debug_loc     0x0000021e      0x44d ECUAL/LCD.o
 .debug_loc     0x0000066b       0x77 main.o
 .debug_loc     0x000006e2      0x565 MCAL/DIO.o
 .debug_loc     0x00000c47      0x31c MCAL/SPI__.o
 .debug_loc     0x00000f63      0xcb1 MCAL/Timer.o
 .debug_loc     0x00001c14      0x34b MCAL/UART.o
 .debug_loc     0x00001f5f      0x913 SL/SOS.o

.debug_macinfo
 *(.debug_macinfo)

.debug_weaknames
 *(.debug_weaknames)

.debug_funcnames
 *(.debug_funcnames)

.debug_typenames
 *(.debug_typenames)

.debug_varnames
 *(.debug_varnames)

.debug_pubtypes
 *(.debug_pubtypes)

.debug_ranges   0x00000000      0x238
 *(.debug_ranges)
 .debug_ranges  0x00000000       0x18 ECUAL/KeyPad.o
 .debug_ranges  0x00000018       0x48 ECUAL/LCD.o
 .debug_ranges  0x00000060       0x58 main.o
 .debug_ranges  0x000000b8       0x28 MCAL/DIO.o
 .debug_ranges  0x000000e0       0x40 MCAL/SPI__.o
 .debug_ranges  0x00000120       0x98 MCAL/Timer.o
 .debug_ranges  0x000001b8       0x48 MCAL/UART.o
 .debug_ranges  0x00000200       0x38 SL/SOS.o

.debug_macro
 *(.debug_macro)
OUTPUT(TMU.elf elf32-avr)
LOAD linker stubs
